subvolumes=41
species=1
time=1.001935

0 
1 
6 
13 
12 
33 
71 
131 
263 
448 
708 
1179 
1812 
2600 
3638 
4733 
5956 
7017 
8169 
8744 
9067 
8698 
8059 
7160 
6050 
4720 
3542 
2630 
1766 
1183 
660 
408 
228 
153 
78 
40 
11 
10 
2 
1 
0 
