0 0 811 811 2012 1199929 10 16998 2 1700 0 12000 0 0 200 0 0 878 28 0 0 215 28 0 0 15 3 0 0 0 0 0 
