subvolumes=9
species=3
time=8.135010

0 0 98 
0 0 101 
0 0 98 
0 0 99 
0 0 105 
0 0 97 
0 0 100 
0 0 98 
0 0 104 
