subvolumes=64
species=2
time=4.000080

51432 0 
16583 0 
3085 0 
371 0 
42 0 
0 0 
7 0 
0 0 
16916 0 
5432 0 
997 0 
131 0 
0 0 
0 0 
0 0 
1 3 
3148 0 
992 0 
199 0 
0 0 
16 0 
0 0 
3 8 
0 0 
407 0 
138 0 
3 0 
22 1 
0 0 
1 17 
0 2 
0 52 
49 0 
1 0 
17 0 
0 0 
0 7 
0 0 
0 141 
0 378 
0 0 
5 0 
0 0 
0 18 
0 0 
0 209 
0 1024 
0 3115 
2 0 
0 0 
0 4 
0 0 
0 138 
0 965 
0 5501 
0 16792 
0 0 
0 3 
0 0 
0 43 
0 347 
0 3022 
0 16593 
0 51617 
